4
2
3
-5
3
55
55
-100
0
55
55
Error
Error
Error
Error
